<?xml version="1.0" encoding="utf-8"?><testsuites><testsuite name="pytest" errors="0" failures="0" skipped="0" tests="4" time="35.331" timestamp="2023-12-10T17:14:23.797251" hostname="LAPTOP-CJ77537K"><testcase classname="tests.model.test_model.TestModel" name="test_model_fit" time="15.207" /><testcase classname="tests.model.test_model.TestModel" name="test_model_predict" time="0.387" /><testcase classname="tests.model.test_model.TestModel" name="test_model_preprocess_for_serving" time="0.336" /><testcase classname="tests.model.test_model.TestModel" name="test_model_preprocess_for_training" time="15.599" /></testsuite></testsuites>